2026-09-25 12:59:46.392: [INFO] CurrentProfilePath: D:\cdac\MyOwnGitData\Java_Assignment\Assignment_7\.metadata\.plugins\org.eclipse.swt\EBWebView\Default
2026-09-25 12:59:46.392: [INFO] Profiles total count: 1
2026-09-25 12:59:46.392: [INFO] Profile: name=Profile 1 path=D:\cdac\MyOwnGitData\Java_Assignment\Assignment_7\.metadata\.plugins\org.eclipse.swt\EBWebView\Default lastActive=null
2026-09-25 12:59:46.392: [INFO] LastUsedProfileDir: D:\cdac\MyOwnGitData\Java_Assignment\Assignment_7\.metadata\.plugins\org.eclipse.swt\EBWebView\Default
2026-09-25 12:59:46.392: [INFO] OnDoneLoading sync enabled: 0
2026-09-25 12:59:46.392: [INFO] BookmarkModelLoaded, ids_reassigned: 0
2026-09-25 12:59:46.392: [INFO] BookmarksLoadDropped droppedNodes=0
2026-09-25 12:59:46.392: [INFO] BookmarksSnapshot Startup total=0 bar=0 other=0 mobile=0 showBar=0 showBarNTP=1
2026-09-25 13:01:04.433: [INFO] BookmarksSnapshot Shutdown total=0 bar=0 other=0 mobile=0 showBar=0 showBarNTP=1
2026-09-25 13:02:58.614: [INFO] CurrentProfilePath: D:\cdac\MyOwnGitData\Java_Assignment\Assignment_7\.metadata\.plugins\org.eclipse.swt\EBWebView\Default
2026-09-25 13:02:58.614: [INFO] Profiles total count: 1
2026-09-25 13:02:58.614: [INFO] Profile: name=Profile 1 path=D:\cdac\MyOwnGitData\Java_Assignment\Assignment_7\.metadata\.plugins\org.eclipse.swt\EBWebView\Default lastActive=null
2026-09-25 13:02:58.614: [INFO] LastUsedProfileDir: D:\cdac\MyOwnGitData\Java_Assignment\Assignment_7\.metadata\.plugins\org.eclipse.swt\EBWebView\Default
2026-09-25 13:02:58.614: [INFO] OnDoneLoading sync enabled: 0
2026-09-25 13:02:58.614: [INFO] BookmarkModelLoaded, ids_reassigned: 0
2026-09-25 13:02:58.614: [INFO] BookmarksLoadDropped droppedNodes=0
2026-09-25 13:02:58.614: [INFO] BookmarksSnapshot Startup total=0 bar=0 other=0 mobile=0 showBar=0 showBarNTP=1
2026-09-25 13:03:03.733: [INFO] BookmarksSnapshot Shutdown total=0 bar=0 other=0 mobile=0 showBar=0 showBarNTP=1
2026-09-25 13:16:54.141: [INFO] CurrentProfilePath: D:\cdac\MyOwnGitData\Java_Assignment\Assignment_7\.metadata\.plugins\org.eclipse.swt\EBWebView\Default
2026-09-25 13:16:54.141: [INFO] Profiles total count: 1
2026-09-25 13:16:54.141: [INFO] Profile: name=Profile 1 path=D:\cdac\MyOwnGitData\Java_Assignment\Assignment_7\.metadata\.plugins\org.eclipse.swt\EBWebView\Default lastActive=null
2026-09-25 13:16:54.141: [INFO] LastUsedProfileDir: D:\cdac\MyOwnGitData\Java_Assignment\Assignment_7\.metadata\.plugins\org.eclipse.swt\EBWebView\Default
2026-09-25 13:16:54.141: [INFO] OnDoneLoading sync enabled: 0
2026-09-25 13:16:54.141: [INFO] BookmarkModelLoaded, ids_reassigned: 0
2026-09-25 13:16:54.141: [INFO] BookmarksLoadDropped droppedNodes=0
2026-09-25 13:16:54.141: [INFO] BookmarksSnapshot Startup total=0 bar=0 other=0 mobile=0 showBar=0 showBarNTP=1
2026-09-25 13:18:22.074: [INFO] BookmarksSnapshot Shutdown total=0 bar=0 other=0 mobile=0 showBar=0 showBarNTP=1
2026-09-25 13:19:28.744: [INFO] CurrentProfilePath: D:\cdac\MyOwnGitData\Java_Assignment\Assignment_7\.metadata\.plugins\org.eclipse.swt\EBWebView\Default
2026-09-25 13:19:28.744: [INFO] Profiles total count: 1
2026-09-25 13:19:28.744: [INFO] Profile: name=Profile 1 path=D:\cdac\MyOwnGitData\Java_Assignment\Assignment_7\.metadata\.plugins\org.eclipse.swt\EBWebView\Default lastActive=null
2026-09-25 13:19:28.744: [INFO] LastUsedProfileDir: D:\cdac\MyOwnGitData\Java_Assignment\Assignment_7\.metadata\.plugins\org.eclipse.swt\EBWebView\Default
2026-09-25 13:19:28.744: [INFO] OnDoneLoading sync enabled: 0
2026-09-25 13:19:28.744: [INFO] BookmarkModelLoaded, ids_reassigned: 0
2026-09-25 13:19:28.744: [INFO] BookmarksLoadDropped droppedNodes=0
2026-09-25 13:19:28.744: [INFO] BookmarksSnapshot Startup total=0 bar=0 other=0 mobile=0 showBar=0 showBarNTP=1
2026-09-25 13:19:39.536: [INFO] CurrentProfilePath: D:\cdac\MyOwnGitData\Java_Assignment\Assignment_7\.metadata\.plugins\org.eclipse.swt\EBWebView\Default
2026-09-25 13:19:39.536: [INFO] Profiles total count: 1
2026-09-25 13:19:39.536: [INFO] Profile: name=Profile 1 path=D:\cdac\MyOwnGitData\Java_Assignment\Assignment_7\.metadata\.plugins\org.eclipse.swt\EBWebView\Default lastActive=null
2026-09-25 13:19:39.536: [INFO] LastUsedProfileDir: D:\cdac\MyOwnGitData\Java_Assignment\Assignment_7\.metadata\.plugins\org.eclipse.swt\EBWebView\Default
2026-09-25 13:19:39.536: [INFO] OnDoneLoading sync enabled: 0
2026-09-25 13:19:39.536: [INFO] BookmarkModelLoaded, ids_reassigned: 0
2026-09-25 13:19:39.536: [INFO] BookmarksLoadDropped droppedNodes=0
2026-09-25 13:19:39.536: [INFO] BookmarksSnapshot Startup total=0 bar=0 other=0 mobile=0 showBar=0 showBarNTP=1
2026-09-25 13:19:43.356: [INFO] BookmarksSnapshot Shutdown total=0 bar=0 other=0 mobile=0 showBar=0 showBarNTP=1
2026-09-25 13:19:58.653: [INFO] CurrentProfilePath: D:\cdac\MyOwnGitData\Java_Assignment\Assignment_7\.metadata\.plugins\org.eclipse.swt\EBWebView\Default
2026-09-25 13:19:58.653: [INFO] Profiles total count: 1
2026-09-25 13:19:58.653: [INFO] Profile: name=Profile 1 path=D:\cdac\MyOwnGitData\Java_Assignment\Assignment_7\.metadata\.plugins\org.eclipse.swt\EBWebView\Default lastActive=null
2026-09-25 13:19:58.653: [INFO] LastUsedProfileDir: D:\cdac\MyOwnGitData\Java_Assignment\Assignment_7\.metadata\.plugins\org.eclipse.swt\EBWebView\Default
2026-09-25 13:19:58.653: [INFO] OnDoneLoading sync enabled: 0
2026-09-25 13:19:58.653: [INFO] BookmarkModelLoaded, ids_reassigned: 0
2026-09-25 13:19:58.653: [INFO] BookmarksLoadDropped droppedNodes=0
2026-09-25 13:19:58.653: [INFO] BookmarksSnapshot Startup total=0 bar=0 other=0 mobile=0 showBar=0 showBarNTP=1
2026-09-25 13:20:02.547: [INFO] BookmarksSnapshot Shutdown total=0 bar=0 other=0 mobile=0 showBar=0 showBarNTP=1
2026-09-25 13:23:03.022: [INFO] CurrentProfilePath: D:\cdac\MyOwnGitData\Java_Assignment\Assignment_7\.metadata\.plugins\org.eclipse.swt\EBWebView\Default
2026-09-25 13:23:03.022: [INFO] Profiles total count: 1
2026-09-25 13:23:03.022: [INFO] Profile: name=Profile 1 path=D:\cdac\MyOwnGitData\Java_Assignment\Assignment_7\.metadata\.plugins\org.eclipse.swt\EBWebView\Default lastActive=null
2026-09-25 13:23:03.022: [INFO] LastUsedProfileDir: D:\cdac\MyOwnGitData\Java_Assignment\Assignment_7\.metadata\.plugins\org.eclipse.swt\EBWebView\Default
2026-09-25 13:23:03.022: [INFO] OnDoneLoading sync enabled: 0
2026-09-25 13:23:03.022: [INFO] BookmarkModelLoaded, ids_reassigned: 0
2026-09-25 13:23:03.022: [INFO] BookmarksLoadDropped droppedNodes=0
2026-09-25 13:23:03.022: [INFO] BookmarksSnapshot Startup total=0 bar=0 other=0 mobile=0 showBar=0 showBarNTP=1
2026-09-25 14:00:27.020: [INFO] BookmarksSnapshot Shutdown total=0 bar=0 other=0 mobile=0 showBar=0 showBarNTP=1
